Ignoring wrong pointing object 11 0 (offset 0)
Warning: You are sending unauthenticated requests to the HF Hub. Please set a HF_TOKEN to enable higher rate limits and faster downloads.
============================================================
BASIC RAG BASELINE
(paragraph chunking + dense-only, no rerank, no enrichment)
============================================================
  ⚠️  Bỏ qua BCTC.pdf: PDF scan ảnh, không có text layer (cần OCR).
  ⚠️  Bỏ qua Nghi_dinh_so_13-2023_ve_bao_ve_du_lieu_ca_nhan_508ee.pdf: PDF scan ảnh, không có text layer (cần OCR).
  57 basic paragraph chunks
Loading weights:   0%|          | 0/391 [00:00<?, ?it/s]Loading weights: 100%|##########| 391/391 [00:00<00:00, 20813.16it/s]
Batches:   0%|          | 0/2 [00:00<?, ?it/s]Batches:  50%|#####     | 1/2 [00:24<00:24, 24.59s/it]Batches: 100%|##########| 2/2 [00:35<00:00, 16.71s/it]Batches: 100%|##########| 2/2 [00:35<00:00, 17.89s/it]
  [1/20] Nhân viên được nghỉ bao nhiêu ngày khi kết hôn?...
  [2/20] Bảo hiểm sức khỏe PVI có hạn mức bao nhiêu cho nhâ...
  [3/20] Phụ cấp ăn trưa hàng tháng là bao nhiêu?...
  [4/20] Nhân viên được nghỉ bao nhiêu ngày phép năm?...
  [5/20] Thâm niên bao nhiêu năm thì được cộng thêm ngày ph...
  [6/20] Mật khẩu phải có tối thiểu bao nhiêu ký tự?...
  [7/20] Bao lâu phải đổi mật khẩu một lần?...
  [8/20] Có cần kích hoạt xác thực đa yếu tố (MFA) không?...
  [9/20] Nhân viên thử việc có được nghỉ phép năm không?...
  [10/20] Khi phát hiện malware trên máy, nhân viên có nên t...
  [11/20] Nhân viên thử việc có được hưởng bảo hiểm sức khỏe...
  [12/20] Một nhân viên Senior có 9 năm thâm niên được nghỉ ...
  [13/20] Nếu cần mua một chiếc laptop 30 triệu cho nhân viê...
  [14/20] Nhân viên được tài trợ khóa học 25 triệu, nghỉ việ...
  [15/20] Mentor và buddy của nhân viên mới có thể là cùng m...
  [16/20] Muốn mua thiết bị trị giá 55 triệu cần ai phê duyệ...
